// Jest Snapshot v1, https://goo.gl/fbAQLP

exports[`SignupFormComponent should create 1`] = `
<app-signup-form
  __ngContext__="0"
  authApiService={[Function Function]}
  buttonText={[Function String]}
  emailControl={[Function FormControl2]}
  emailErrorMessage=""
  handleError={[Function Function]}
  handleLinkClick={[Function Function]}
  handleSubmit={[Function Function]}
  hintLinkHref={[Function String]}
  hintLinkText={[Function String]}
  hintText={[Function String]}
  href={[Function String]}
  passwordControl={[Function FormControl2]}
  passwordErrorMessage=""
  router={[Function Router]}
  submit={[Function Function]}
  testIds={[Function Object]}
>
  <div
    class="form"
    data-test-id="signup-form"
  >
    <app-input
      class="input"
      placeholder="email"
      type="email"
    />
    <app-input
      class="input"
      placeholder="password"
      type="password"
    />
    <wired-button
      class="button"
      data-test-id="signup-form-submit-button"
    >
       Sign up 
    </wired-button>
    <div
      class="hint"
    >
       Already have an account? 
      <wired-link
        class="hint-link"
        data-test-id="signup-form-link"
      >
         Sign in 
      </wired-link>
    </div>
  </div>
</app-signup-form>
`;
